18:14:23 **** Auto Build of configuration Debug for project lab_7 ****
make pre-build main-build 
a9-linaro-pre-build-step
' '
'Building file: ../src/lab_7.c'
'Invoking: ARM v7 gcc compiler'
arm-none-eabi-gcc -Wall -O0 -g3 -c -fmessage-length=0 -MT"src/lab_7.o" -mcpu=cortex-a9 -mfpu=vfpv3 -mfloat-abi=hard -I../../lab_7_bsp/ps7_cortexa9_0/include -MMD -MP -MF"src/lab_7.d" -MT"src/lab_7.o" -o "src/lab_7.o" "../src/lab_7.c"
../src/lab_7.c: In function 'TaskSW':
../src/lab_7.c:97:7: warning: suggest parentheses around assignment used as truth value [-Wparentheses]
   if (sw = 0b0001){
       ^~
'Finished building: ../src/lab_7.c'
' '
'Building target: lab_7.elf'
'Invoking: ARM v7 gcc linker'
arm-none-eabi-gcc -mcpu=cortex-a9 -mfpu=vfpv3 -mfloat-abi=hard -Wl,-build-id=none -specs=Xilinx.spec -Wl,-T -Wl,../src/lscript.ld -L../../lab_7_bsp/ps7_cortexa9_0/lib -o "lab_7.elf"  ./src/lab_7.o   -Wl,--start-group,-lxil,-lfreertos,-lgcc,-lc,--end-group
'Finished building target: lab_7.elf'
' '
'Invoking: ARM v7 Print Size'
arm-none-eabi-size lab_7.elf  |tee "lab_7.elf.size"
   text	   data	    bss	    dec	    hex	filename
  90648	   3396	  89472	 183516	  2ccdc	lab_7.elf
'Finished building: lab_7.elf.size'
' '

18:14:24 Build Finished (took 933ms)

