15:55:32 **** Auto Build of configuration Debug for project lab_7_updated ****
make pre-build main-build 
a9-linaro-pre-build-step
 
Building file: ../src/lab_7.c
Invoking: ARM v7 gcc compiler
arm-none-eabi-gcc -Wall -O0 -g3 -c -fmessage-length=0 -MT"src/lab_7.o" -mcpu=cortex-a9 -mfpu=vfpv3 -mfloat-abi=hard -I../../lab_7_updated_bsp/ps7_cortexa9_0/include -MMD -MP -MF"src/lab_7.d" -MT"src/lab_7.o" -o "src/lab_7.o" "../src/lab_7.c"
Finished building: ../src/lab_7.c
 
Building target: lab_7_updated.elf
Invoking: ARM v7 gcc linker
arm-none-eabi-gcc -mcpu=cortex-a9 -mfpu=vfpv3 -mfloat-abi=hard -Wl,-build-id=none -specs=Xilinx.spec -Wl,-T -Wl,../src/lscript.ld -L../../lab_7_updated_bsp/ps7_cortexa9_0/lib -o "lab_7_updated.elf"  ./src/lab_7.o   -Wl,--start-group,-lxil,-lfreertos,-lgcc,-lc,--end-group
Finished building target: lab_7_updated.elf
 
Invoking: ARM v7 Print Size
arm-none-eabi-size lab_7_updated.elf  |tee "lab_7_updated.elf.size"
   text	   data	    bss	    dec	    hex	filename
  90816	   3400	  89472	 183688	  2cd88	lab_7_updated.elf
Finished building: lab_7_updated.elf.size
 

15:55:32 Build Finished (took 497ms)

