16:39:47 **** Build of configuration Debug for project lab_6 ****
make pre-build main-build 
a9-linaro-pre-build-step
' '
'Building file: ../src/freertos_hello_world.c'
'Invoking: ARM v7 gcc compiler'
arm-none-eabi-gcc -Wall -O0 -g3 -c -fmessage-length=0 -MT"src/freertos_hello_world.o" -mcpu=cortex-a9 -mfpu=vfpv3 -mfloat-abi=hard -I../../lab_6_bsp/ps7_cortexa9_0/include -MMD -MP -MF"src/freertos_hello_world.d" -MT"src/freertos_hello_world.o" -o "src/freertos_hello_world.o" "../src/freertos_hello_world.c"
'Finished building: ../src/freertos_hello_world.c'
' '
'Building target: lab_6.elf'
'Invoking: ARM v7 gcc linker'
arm-none-eabi-gcc -mcpu=cortex-a9 -mfpu=vfpv3 -mfloat-abi=hard -Wl,-build-id=none -specs=Xilinx.spec -Wl,-T -Wl,../src/lscript.ld -L../../lab_6_bsp/ps7_cortexa9_0/lib -o "lab_6.elf"  ./src/freertos_hello_world.o   -Wl,--start-group,-lxil,-lfreertos,-lgcc,-lc,--end-group
'Finished building target: lab_6.elf'
' '
'Invoking: ARM v7 Print Size'
arm-none-eabi-size lab_6.elf  |tee "lab_6.elf.size"
   text	   data	    bss	    dec	    hex	filename
  89624	   3380	  89424	 182428	  2c89c	lab_6.elf
'Finished building: lab_6.elf.size'
' '

16:39:58 Build Finished (took 10s.617ms)

