15:11:33 **** Build of configuration Debug for project lab_3 ****
make pre-build main-build 
a9-linaro-pre-build-step
' '
'Building file: ../src/interrupt_lab_3.c'
'Invoking: ARM v7 gcc compiler'
arm-none-eabi-gcc -Wall -O0 -g3 -c -fmessage-length=0 -MT"src/interrupt_lab_3.o" -mcpu=cortex-a9 -mfpu=vfpv3 -mfloat-abi=hard -I../../lab_3_bsp/ps7_cortexa9_0/include -MMD -MP -MF"src/interrupt_lab_3.d" -MT"src/interrupt_lab_3.o" -o "src/interrupt_lab_3.o" "../src/interrupt_lab_3.c"
../src/interrupt_lab_3.c: In function 'main':
../src/interrupt_lab_3.c:151:32: warning: passing argument 2 of 'XTmrCtr_SetHandler' from incompatible pointer type [-Wincompatible-pointer-types]
   XTmrCtr_SetHandler(&TMRInst, TMR_Intr_Handler, &TMRInst);
                                ^~~~~~~~~~~~~~~~
In file included from ../src/interrupt_lab_3.c:3:0:
../../lab_3_bsp/ps7_cortexa9_0/include/xtmrctr.h:314:6: note: expected 'XTmrCtr_Handler {aka void (*)(void *, unsigned char)}' but argument is of type 'void (*)(void *)'
 void XTmrCtr_SetHandler(XTmrCtr * InstancePtr, XTmrCtr_Handler FuncPtr,
      ^~~~~~~~~~~~~~~~~~
'Finished building: ../src/interrupt_lab_3.c'
' '
'Building target: lab_3.elf'
'Invoking: ARM v7 gcc linker'
arm-none-eabi-gcc -mcpu=cortex-a9 -mfpu=vfpv3 -mfloat-abi=hard -Wl,-build-id=none -specs=Xilinx.spec -Wl,-T -Wl,../src/lscript.ld -L../../lab_3_bsp/ps7_cortexa9_0/lib -o "lab_3.elf"  ./src/interrupt_lab_3.o   -Wl,--start-group,-lxil,-lgcc,-lc,--end-group
'Finished building target: lab_3.elf'
' '
'Invoking: ARM v7 Print Size'
arm-none-eabi-size lab_3.elf  |tee "lab_3.elf.size"
   text	   data	    bss	    dec	    hex	filename
  31076	   1968	  22712	  55756	   d9cc	lab_3.elf
'Finished building: lab_3.elf.size'
' '

15:11:37 Build Finished (took 4s.354ms)

