18:33:18 **** Auto Build of configuration Debug for project test_1 ****
make pre-build main-build 
a9-linaro-pre-build-step
' '
'Building file: ../src/Exam1SP19Prob1_T.c'
'Invoking: ARM v7 gcc compiler'
arm-none-eabi-gcc -Wall -O0 -g3 -c -fmessage-length=0 -MT"src/Exam1SP19Prob1_T.o" -mcpu=cortex-a9 -mfpu=vfpv3 -mfloat-abi=hard -I../../test_1_bsp/ps7_cortexa9_0/include -MMD -MP -MF"src/Exam1SP19Prob1_T.d" -MT"src/Exam1SP19Prob1_T.o" -o "src/Exam1SP19Prob1_T.o" "../src/Exam1SP19Prob1_T.c"
../src/Exam1SP19Prob1_T.c: In function 'LEDProblem1':
../src/Exam1SP19Prob1_T.c:23:6: warning: unused variable 'buttonRead' [-Wunused-variable]
  int buttonRead;
      ^~~~~~~~~~
../src/Exam1SP19Prob1_T.c:20:6: warning: unused variable 'Status' [-Wunused-variable]
  int Status;
      ^~~~~~
'Finished building: ../src/Exam1SP19Prob1_T.c'
' '
'Building target: test_1.elf'
'Invoking: ARM v7 gcc linker'
arm-none-eabi-gcc -mcpu=cortex-a9 -mfpu=vfpv3 -mfloat-abi=hard -Wl,-build-id=none -specs=Xilinx.spec -Wl,-T -Wl,../src/lscript.ld -L../../test_1_bsp/ps7_cortexa9_0/lib -o "test_1.elf"  ./src/Exam1SP19Prob1_T.o   -Wl,--start-group,-lxil,-lgcc,-lc,--end-group
'Finished building target: test_1.elf'
' '
'Invoking: ARM v7 Print Size'
arm-none-eabi-size test_1.elf  |tee "test_1.elf.size"
   text	   data	    bss	    dec	    hex	filename
  20652	   1176	  22632	  44460	   adac	test_1.elf
'Finished building: test_1.elf.size'
' '

18:33:21 Build Finished (took 2s.172ms)

