00:14:59 **** Auto Build of configuration Debug for project lab_8_freertos ****
make pre-build main-build 
a9-linaro-pre-build-step
' '
'Building file: ../src/main.c'
'Invoking: ARM v7 gcc compiler'
arm-none-eabi-gcc -Wall -O0 -g3 -c -fmessage-length=0 -MT"src/main.o" -mcpu=cortex-a9 -mfpu=vfpv3 -mfloat-abi=hard -I../../lab_8_freertos_bsp/ps7_cortexa9_0/include -MMD -MP -MF"src/main.d" -MT"src/main.o" -o "src/main.o" "../src/main.c"
'Finished building: ../src/main.c'
' '
'Building target: lab_8_freertos.elf'
'Invoking: ARM v7 gcc linker'
arm-none-eabi-gcc -mcpu=cortex-a9 -mfpu=vfpv3 -mfloat-abi=hard -Wl,-build-id=none -specs=Xilinx.spec -Wl,-T -Wl,../src/lscript.ld -L../../lab_8_freertos_bsp/ps7_cortexa9_0/lib -o "lab_8_freertos.elf"  ./src/main.o   -Wl,--start-group,-lxil,-lfreertos,-lgcc,-lc,--end-group
'Finished building target: lab_8_freertos.elf'
' '
'Invoking: ARM v7 Print Size'
arm-none-eabi-size lab_8_freertos.elf  |tee "lab_8_freertos.elf.size"
   text	   data	    bss	    dec	    hex	filename
  90136	   3368	  89440	 182944	  2caa0	lab_8_freertos.elf
'Finished building: lab_8_freertos.elf.size'
' '

00:15:07 Build Finished (took 8s.309ms)

